******************************************************************************
                  TI ARM Linker PC v20.2.7                     
******************************************************************************
>> Linked Tue Nov 28 12:24:03 2023

OUTPUT FILE NAME:   <microp2uart.out>
ENTRY POINT SYMBOL: "_c_int00_noargs"  address: 00002485


MEMORY CONFIGURATION

         name            origin    length      used     unused   attr    fill
----------------------  --------  ---------  --------  --------  ----  --------
  FLASH                 00000000   00040000  0000445f  0003bba1  R  X
  SRAM                  20000000   00008000  000005a8  00007a58  RW X


SEGMENT ALLOCATION MAP

run origin  load origin   length   init length attrs members
----------  ----------- ---------- ----------- ----- -------
00000000    00000000    00004468   00004468    r-x
  00000000    00000000    0000026c   0000026c    r-- .intvecs
  0000026c    0000026c    00002492   00002492    r-x .text
  00002700    00002700    00001ce9   00001ce9    r-- .const
  000043f0    000043f0    00000078   00000078    r-- .cinit
20000000    20000000    000005b0   00000000    rw-
  20000000    20000000    00000324   00000000    rw- .bss
  20000328    20000328    00000200   00000000    rw- .stack
  20000528    20000528    00000074   00000000    rw- .data
  200005a0    200005a0    00000010   00000000    rw- .sysmem


SECTION ALLOCATION MAP

 output                                  attributes/
section   page    origin      length       input sections
--------  ----  ----------  ----------   ----------------
.intvecs   0    00000000    0000026c     
                  00000000    0000026c     tm4c123gh6pm_startup_ccs.obj (.intvecs)

.text      0    0000026c    00002492     
                  0000026c    00000c48     Nokia5110.obj (.text)
                  00000eb4    00000be4     main.obj (.text)
                  00001a98    0000016c     driverlib.lib : gpio.obj (.text:GPIOPadConfigSet)
                  00001c04    00000118                   : sysctl.obj (.text:SysCtlClockGet)
                  00001d1c    00000100     rtsv7M4_T_le_v4SPD16_eabi.lib : memory.c.obj (.text:aligned_alloc)
                  00001e1c    000000fc                                   : fd_mul_t2.asm.obj (.text)
                  00001f18    000000f4     driverlib.lib : sysctl.obj (.text:SysCtlClockSet)
                  0000200c    0000009c     rtsv7M4_T_le_v4SPD16_eabi.lib : memcpy_t2.asm.obj (.text)
                  000020a8    00000070                                   : memory.c.obj (.text:split)
                  00002118    00000068     driverlib.lib : interrupt.obj (.text:IntEnable)
                  00002180    00000068     rtsv7M4_T_le_v4SPD16_eabi.lib : copy_decompress_lzss.c.obj (.text:decompress:lzss:__TI_decompress_lzss)
                  000021e8    00000058     driverlib.lib : gpio.obj (.text:GPIOIntTypeSet)
                  00002240    0000004c                   : gpio.obj (.text:GPIOPinConfigure)
                  0000228c    00000048     rtsv7M4_T_le_v4SPD16_eabi.lib : hosttime.c.obj (.text:HOSTtime)
                  000022d4    00000046     driverlib.lib : uart.obj (.text:UARTConfigSetExpClk)
                  0000231a    00000002     rtsv7M4_T_le_v4SPD16_eabi.lib : _lock.c.obj (.text:_nop)
                  0000231c    00000044                                   : autoinit.c.obj (.text:__TI_auto_init_nobinit_nopinit:__TI_auto_init_nobinit_nopinit)
                  00002360    00000044                                   : fd_tou_t2.asm.obj (.text)
                  000023a4    00000040                                   : u_divt2.asm.obj (.text)
                  000023e4    00000038                                   : trgmsg.c.obj (.text:__TI_writemsg)
                  0000241c    00000034     driverlib.lib : sysctl.obj (.text:SysCtlPeripheralEnable)
                  00002450    00000034     rtsv7M4_T_le_v4SPD16_eabi.lib : trgmsg.c.obj (.text:__TI_readmsg)
                  00002484    00000034                                   : boot_cortex_m.c.obj (.text:_c_int00_noargs:_c_int00_noargs)
                  000024b8    00000034                                   : rand.c.obj (.text:rand)
                  000024ec    0000002c     driverlib.lib : gpio.obj (.text:GPIODirModeSet)
                  00002518    00000028     rtsv7M4_T_le_v4SPD16_eabi.lib : memory.c.obj (.text:free_list_insert)
                  00002540    00000024                                   : rand.c.obj (.text:srand)
                  00002564    00000020     driverlib.lib : uart.obj (.text:UARTDisable)
                  00002584    00000020     rtsv7M4_T_le_v4SPD16_eabi.lib : u_tofd_t2.asm.obj (.text)
                  000025a4    0000001c                                   : copy_zero_init.c.obj (.text:decompress:ZI:__TI_zero_init_nomemset:__TI_zero_init_nomemset)
                  000025c0    0000001c                                   : memory.c.obj (.text:free_list_remove)
                  000025dc    0000001a     driverlib.lib : gpio.obj (.text:GPIOPinTypeGPIOOutput)
                  000025f6    00000018     rtsv7M4_T_le_v4SPD16_eabi.lib : strcmp.c.obj (.text:strcmp)
                  0000260e    00000016     driverlib.lib : gpio.obj (.text:GPIOPinTypeGPIOInput)
                  00002624    00000016                   : gpio.obj (.text:GPIOPinTypeUART)
                  0000263a    00000014                   : uart.obj (.text:UARTEnable)
                  0000264e    00000014     rtsv7M4_T_le_v4SPD16_eabi.lib : strlen.c.obj (.text:strlen)
                  00002662    00000010     driverlib.lib : interrupt.obj (.text:IntMasterEnable)
                  00002672    0000000e                   : gpio.obj (.text:GPIOIntStatus)
                  00002680    0000000e     rtsv7M4_T_le_v4SPD16_eabi.lib : time.c.obj (.text:__time32)
                  0000268e    0000000e                                   : copy_decompress_none.c.obj (.text:decompress:none:__TI_decompress_none)
                  0000269c    0000000c     driverlib.lib : cpu.obj (.text:CPUcpsie)
                  000026a8    0000000c                   : gpio.obj (.text:GPIOIntEnable)
                  000026b4    0000000c     tm4c123gh6pm_startup_ccs.obj (.text)
                  000026c0    0000000a     driverlib.lib : uart.obj (.text:UARTCharGet)
                  000026ca    0000000a                   : uart.obj (.text:UARTCharPut)
                  000026d4    00000008                   : uart.obj (.text:UARTIntEnable)
                  000026dc    00000008     rtsv7M4_T_le_v4SPD16_eabi.lib : memory.c.obj (.text:malloc)
                  000026e4    00000006     driverlib.lib : gpio.obj (.text:GPIOIntClear)
                  000026ea    00000006                   : sysctl.obj (.text:SysCtlDelay)
                  000026f0    00000004                   : uart.obj (.text:UARTIntClear)
                  000026f4    00000004     rtsv7M4_T_le_v4SPD16_eabi.lib : pre_init.c.obj (.text:_system_pre_init)
                  000026f8    00000004                                   : exit.c.obj (.text:abort:abort)
                  000026fc    00000002                                   : div0.asm.obj (.text)

.const     0    00002700    00001ce9     
                  00002700    000001f8     main.obj (.const:.string:imagem1_big)
                  000028f8    000001f8     main.obj (.const:.string:imagem2_big)
                  00002af0    000001f8     main.obj (.const:.string:imagem3_big)
                  00002ce8    000001f8     main.obj (.const:.string:imagem4_big)
                  00002ee0    000001f8     main.obj (.const:.string:imagem5_big)
                  000030d8    000001f8     main.obj (.const:.string:imagem6_big)
                  000032d0    000001f8     main.obj (.const:.string:imagem7_big)
                  000034c8    000001f8     main.obj (.const:.string:imagem8_big)
                  000036c0    000001e5     Nokia5110.obj (.const:ASCII)
                  000038a5    0000012c     main.obj (.const:.string:imagem1_peq)
                  000039d1    0000012c     main.obj (.const:.string:imagem2_peq)
                  00003afd    0000012c     main.obj (.const:.string:imagem3_peq)
                  00003c29    0000012c     main.obj (.const:.string:imagem4_peq)
                  00003d55    0000012c     main.obj (.const:.string:imagem5_peq)
                  00003e81    0000012c     main.obj (.const:.string:imagem6_peq)
                  00003fad    0000012c     main.obj (.const:.string:imagem7_peq)
                  000040d9    0000012c     main.obj (.const:.string:imagem8_peq)
                  00004205    00000003     --HOLE-- [fill = 0]
                  00004208    0000009e     main.obj (.const:.string)
                  000042a6    00000002     --HOLE-- [fill = 0]
                  000042a8    00000090     driverlib.lib : gpio.obj (.const:g_pui32GPIOBaseAddrs)
                  00004338    0000006c                   : sysctl.obj (.const:g_pui32Xtals)
                  000043a4    00000014                   : interrupt.obj (.const:g_pui32EnRegs)
                  000043b8    0000000c     main.obj (.const:.string:$P$T0$1)
                  000043c4    0000000c     main.obj (.const:.string:$P$T1$2)
                  000043d0    0000000c     Nokia5110.obj (.const:MIX_SIMBOLS)
                  000043dc    00000008     Nokia5110.obj (.const:.string:Masks)
                  000043e4    00000005     Nokia5110.obj (.const:SPECIAL_SIMBOLS)

.cinit     0    000043f0    00000078     
                  000043f0    00000051     (.cinit..data.load) [load image, compression = lzss]
                  00004441    00000003     --HOLE-- [fill = 0]
                  00004444    0000000c     (__TI_handler_table)
                  00004450    00000008     (.cinit..bss.load) [load image, compression = zero_init]
                  00004458    00000010     (__TI_cinit_table)

.init_array 
*          0    00000000    00000000     UNINITIALIZED

.bss       0    20000000    00000324     UNINITIALIZED
                  20000000    000001f8     (.common:Screen)
                  200001f8    00000120     rtsv7M4_T_le_v4SPD16_eabi.lib : trgmsg.c.obj (.bss:_CIOBUF_)
                  20000318    00000008     (.common:parmbuf)
                  20000320    00000004     (.common:size_palavra)

.stack     0    20000328    00000200     UNINITIALIZED
                  20000328    00000004     rtsv7M4_T_le_v4SPD16_eabi.lib : boot_cortex_m.c.obj (.stack)
                  2000032c    000001fc     --HOLE--

.data      0    20000528    00000074     UNINITIALIZED
                  20000528    0000004c     main.obj (.data:list_of_words)
                  20000574    00000011     main.obj (.data)
                  20000585    00000003     --HOLE--
                  20000588    00000008     rtsv7M4_T_le_v4SPD16_eabi.lib : _lock.c.obj (.data:$O1$$)
                  20000590    00000008                                   : memory.c.obj (.data:$O1$$)
                  20000598    00000004                                   : rand.c.obj (.data)

.sysmem    0    200005a0    00000010     UNINITIALIZED
                  200005a0    00000010     rtsv7M4_T_le_v4SPD16_eabi.lib : memory.c.obj (.sysmem)

__llvm_prf_cnts 
*          0    20000000    00000000     UNINITIALIZED

MODULE SUMMARY

       Module                         code   ro data   rw data
       ------                         ----   -------   -------
    .\
       main.obj                       3044   6614      97     
       Nokia5110.obj                  3144   510       504    
       tm4c123gh6pm_startup_ccs.obj   12     620       0      
    +--+------------------------------+------+---------+---------+
       Total:                         6200   7744      601    
                                                              
    C:/ti/TivaWare_C_Series-2.2.0.295/driverlib/ccs/Debug/driverlib.lib
       gpio.obj                       674    144       0      
       sysctl.obj                     582    108       0      
       uart.obj                       154    0         0      
       interrupt.obj                  120    20        0      
       cpu.obj                        12     0         0      
    +--+------------------------------+------+---------+---------+
       Total:                         1542   272       0      
                                                              
    C:\ti\ccs1210\ccs\tools\compiler\ti-cgt-arm_20.2.7.LTS\lib\rtsv7M4_T_le_v4SPD16_eabi.lib
       memory.c.obj                   444    0         8      
       trgmsg.c.obj                   108    0         288    
       fd_mul_t2.asm.obj              252    0         0      
       memcpy_t2.asm.obj              156    0         0      
       copy_decompress_lzss.c.obj     104    0         0      
       rand.c.obj                     88     0         4      
       hosttime.c.obj                 72     0         0      
       autoinit.c.obj                 68     0         0      
       fd_tou_t2.asm.obj              68     0         0      
       u_divt2.asm.obj                64     0         0      
       boot_cortex_m.c.obj            52     0         0      
       u_tofd_t2.asm.obj              32     0         0      
       copy_zero_init.c.obj           28     0         0      
       strcmp.c.obj                   24     0         0      
       strlen.c.obj                   20     0         0      
       copy_decompress_none.c.obj     14     0         0      
       time.c.obj                     14     0         0      
       _lock.c.obj                    2      0         8      
       hostopen.c.obj                 0      0         8      
       exit.c.obj                     4      0         0      
       pre_init.c.obj                 4      0         0      
       div0.asm.obj                   2      0         0      
    +--+------------------------------+------+---------+---------+
       Total:                         1620   0         316    
                                                              
       Heap:                          0      0         16     
       Stack:                         0      0         512    
       Linker Generated:              0      117       0      
    +--+------------------------------+------+---------+---------+
       Grand Total:                   9362   8133      1445   


LINKER GENERATED COPY TABLES

__TI_cinit_table @ 00004458 records: 2, size/record: 8, table size: 16
	.data: load addr=000043f0, load size=00000051 bytes, run addr=20000528, run size=00000074 bytes, compression=lzss
	.bss: load addr=00004450, load size=00000008 bytes, run addr=20000000, run size=00000324 bytes, compression=zero_init


LINKER GENERATED HANDLER TABLE

__TI_handler_table @ 00004444 records: 3, size/record: 4, table size: 12
	index: 0, handler: __TI_decompress_lzss
	index: 1, handler: __TI_decompress_none
	index: 2, handler: __TI_zero_init


GLOBAL SYMBOLS: SORTED ALPHABETICALLY BY Name 

address   name                          
-------   ----                          
000026f9  C$$EXIT                       
00002413  C$$IO$$                       
0000269d  CPUcpsie                      
000024ed  GPIODirModeSet                
000026e5  GPIOIntClear                  
000026a9  GPIOIntEnable                 
00002673  GPIOIntStatus                 
000021e9  GPIOIntTypeSet                
00001a99  GPIOPadConfigSet              
00002241  GPIOPinConfigure              
0000260f  GPIOPinTypeGPIOInput          
000025dd  GPIOPinTypeGPIOOutput         
00002625  GPIOPinTypeUART               
0000228d  HOSTtime                      
00001923  Handler_UART0                 
00002119  IntEnable                     
00002663  IntMasterEnable               
000043dc  Masks                         
000006e9  Nokia5110_Clear               
000009b1  Nokia5110_ClearBuffer         
000009e5  Nokia5110_ClrPxl              
000006a9  Nokia5110_Cursor              
000009db  Nokia5110_DisplayBuffer       
00000d89  Nokia5110_DrawChar            
00000715  Nokia5110_DrawFullImage       
00000df3  Nokia5110_DrawMix             
00000dc1  Nokia5110_DrawSpecial         
000002db  Nokia5110_Init                
00000755  Nokia5110_MyDrawing           
000003f5  Nokia5110_OutChar             
00000c6b  Nokia5110_OutCharInv          
00000aa5  Nokia5110_OutDec              
00000d41  Nokia5110_OutSpecial          
0000042f  Nokia5110_OutString           
00000cfd  Nokia5110_OutStringInv        
00000459  Nokia5110_OutUDec             
00000e6b  Nokia5110_Padding             
000007cd  Nokia5110_PrintBMP            
00000659  Nokia5110_SetCursor           
00000a0b  Nokia5110_SetPxl              
00000a31  PLL_Init                      
0000185d  PortFHandler                  
000026b5  ResetISR                      
20000000  Screen                        
00001c05  SysCtlClockGet                
00001f19  SysCtlClockSet                
000026eb  SysCtlDelay                   
0000241d  SysCtlPeripheralEnable        
000026c1  UARTCharGet                   
000026cb  UARTCharPut                   
000022d5  UARTConfigSetExpClk           
00002565  UARTDisable                   
0000263b  UARTEnable                    
000026f1  UARTIntClear                  
000026d5  UARTIntEnable                 
200001f8  __CIOBUF_                     
20000528  __STACK_END                   
00000200  __STACK_SIZE                  
20000528  __STACK_TOP                   
00000010  __SYSMEM_SIZE                 
00004458  __TI_CINIT_Base               
00004468  __TI_CINIT_Limit              
00004444  __TI_Handler_Table_Base       
00004450  __TI_Handler_Table_Limit      
0000231d  __TI_auto_init_nobinit_nopinit
00002181  __TI_decompress_lzss          
0000268f  __TI_decompress_none          
ffffffff  __TI_pprof_out_hndl           
ffffffff  __TI_prof_data_size           
ffffffff  __TI_prof_data_start          
00002451  __TI_readmsg                  
00000000  __TI_static_base__            
000023e5  __TI_writemsg                 
000025a5  __TI_zero_init_nomemset       
00002361  __aeabi_d2uiz                 
00001e1d  __aeabi_dmul                  
000026fd  __aeabi_idiv0                 
000026fd  __aeabi_ldiv0                 
0000200d  __aeabi_memcpy                
0000200d  __aeabi_memcpy4               
0000200d  __aeabi_memcpy8               
00002585  __aeabi_ui2d                  
000023a5  __aeabi_uidiv                 
000023a5  __aeabi_uidivmod              
ffffffff  __binit__                     
ffffffff  __c_args__                    
UNDEFED   __mpu_init                    
20000328  __stack                       
20000000  __start___llvm_prf_cnts       
20000000  __stop___llvm_prf_cnts        
00002681  __time32                      
00002485  _c_int00_noargs               
20000588  _lock                         
0000231b  _nop                          
200005a0  _sys_memory                   
UNDEFED   _system_post_cinit            
000026f5  _system_pre_init              
2000058c  _unlock                       
000026f9  abort                         
00001d1d  aligned_alloc                 
ffffffff  binit                         
2000057c  char_acertados                
000016af  compare_char                  
00000f49  compare_string_and_draw       
000012b9  draw_big_image                
000010f9  draw_word                     
00000000  g_pfnVectors                  
00002700  imagem1_big                   
000038a5  imagem1_peq                   
000028f8  imagem2_big                   
000039d1  imagem2_peq                   
00002af0  imagem3_big                   
00003afd  imagem3_peq                   
00002ce8  imagem4_big                   
00003c29  imagem4_peq                   
00002ee0  imagem5_big                   
00003d55  imagem5_peq                   
000030d8  imagem6_big                   
00003e81  imagem6_peq                   
000032d0  imagem7_big                   
00003fad  imagem7_peq                   
000034c8  imagem8_big                   
000040d9  imagem8_peq                   
20000528  list_of_words                 
0000194d  main                          
000026dd  malloc                        
00001d1d  memalign                      
0000200d  memcpy                        
00000ef5  mostra_palavra                
20000578  palavra                       
20000318  parmbuf                       
20000580  pontos                        
000024b9  rand                          
00000e75  set_mapa_buffer               
00000eb5  show_inicial_setup            
20000574  size_list                     
20000320  size_palavra                  
00002541  srand                         
000025f7  strcmp                        
0000264f  strlen                        
20000584  tela_inicial                  
00002681  time                          


GLOBAL SYMBOLS: SORTED BY Symbol Address 

address   name                          
-------   ----                          
00000000  __TI_static_base__            
00000000  g_pfnVectors                  
00000010  __SYSMEM_SIZE                 
00000200  __STACK_SIZE                  
000002db  Nokia5110_Init                
000003f5  Nokia5110_OutChar             
0000042f  Nokia5110_OutString           
00000459  Nokia5110_OutUDec             
00000659  Nokia5110_SetCursor           
000006a9  Nokia5110_Cursor              
000006e9  Nokia5110_Clear               
00000715  Nokia5110_DrawFullImage       
00000755  Nokia5110_MyDrawing           
000007cd  Nokia5110_PrintBMP            
000009b1  Nokia5110_ClearBuffer         
000009db  Nokia5110_DisplayBuffer       
000009e5  Nokia5110_ClrPxl              
00000a0b  Nokia5110_SetPxl              
00000a31  PLL_Init                      
00000aa5  Nokia5110_OutDec              
00000c6b  Nokia5110_OutCharInv          
00000cfd  Nokia5110_OutStringInv        
00000d41  Nokia5110_OutSpecial          
00000d89  Nokia5110_DrawChar            
00000dc1  Nokia5110_DrawSpecial         
00000df3  Nokia5110_DrawMix             
00000e6b  Nokia5110_Padding             
00000e75  set_mapa_buffer               
00000eb5  show_inicial_setup            
00000ef5  mostra_palavra                
00000f49  compare_string_and_draw       
000010f9  draw_word                     
000012b9  draw_big_image                
000016af  compare_char                  
0000185d  PortFHandler                  
00001923  Handler_UART0                 
0000194d  main                          
00001a99  GPIOPadConfigSet              
00001c05  SysCtlClockGet                
00001d1d  aligned_alloc                 
00001d1d  memalign                      
00001e1d  __aeabi_dmul                  
00001f19  SysCtlClockSet                
0000200d  __aeabi_memcpy                
0000200d  __aeabi_memcpy4               
0000200d  __aeabi_memcpy8               
0000200d  memcpy                        
00002119  IntEnable                     
00002181  __TI_decompress_lzss          
000021e9  GPIOIntTypeSet                
00002241  GPIOPinConfigure              
0000228d  HOSTtime                      
000022d5  UARTConfigSetExpClk           
0000231b  _nop                          
0000231d  __TI_auto_init_nobinit_nopinit
00002361  __aeabi_d2uiz                 
000023a5  __aeabi_uidiv                 
000023a5  __aeabi_uidivmod              
000023e5  __TI_writemsg                 
00002413  C$$IO$$                       
0000241d  SysCtlPeripheralEnable        
00002451  __TI_readmsg                  
00002485  _c_int00_noargs               
000024b9  rand                          
000024ed  GPIODirModeSet                
00002541  srand                         
00002565  UARTDisable                   
00002585  __aeabi_ui2d                  
000025a5  __TI_zero_init_nomemset       
000025dd  GPIOPinTypeGPIOOutput         
000025f7  strcmp                        
0000260f  GPIOPinTypeGPIOInput          
00002625  GPIOPinTypeUART               
0000263b  UARTEnable                    
0000264f  strlen                        
00002663  IntMasterEnable               
00002673  GPIOIntStatus                 
00002681  __time32                      
00002681  time                          
0000268f  __TI_decompress_none          
0000269d  CPUcpsie                      
000026a9  GPIOIntEnable                 
000026b5  ResetISR                      
000026c1  UARTCharGet                   
000026cb  UARTCharPut                   
000026d5  UARTIntEnable                 
000026dd  malloc                        
000026e5  GPIOIntClear                  
000026eb  SysCtlDelay                   
000026f1  UARTIntClear                  
000026f5  _system_pre_init              
000026f9  C$$EXIT                       
000026f9  abort                         
000026fd  __aeabi_idiv0                 
000026fd  __aeabi_ldiv0                 
00002700  imagem1_big                   
000028f8  imagem2_big                   
00002af0  imagem3_big                   
00002ce8  imagem4_big                   
00002ee0  imagem5_big                   
000030d8  imagem6_big                   
000032d0  imagem7_big                   
000034c8  imagem8_big                   
000038a5  imagem1_peq                   
000039d1  imagem2_peq                   
00003afd  imagem3_peq                   
00003c29  imagem4_peq                   
00003d55  imagem5_peq                   
00003e81  imagem6_peq                   
00003fad  imagem7_peq                   
000040d9  imagem8_peq                   
000043dc  Masks                         
00004444  __TI_Handler_Table_Base       
00004450  __TI_Handler_Table_Limit      
00004458  __TI_CINIT_Base               
00004468  __TI_CINIT_Limit              
20000000  Screen                        
20000000  __start___llvm_prf_cnts       
20000000  __stop___llvm_prf_cnts        
200001f8  __CIOBUF_                     
20000318  parmbuf                       
20000320  size_palavra                  
20000328  __stack                       
20000528  __STACK_END                   
20000528  __STACK_TOP                   
20000528  list_of_words                 
20000574  size_list                     
20000578  palavra                       
2000057c  char_acertados                
20000580  pontos                        
20000584  tela_inicial                  
20000588  _lock                         
2000058c  _unlock                       
200005a0  _sys_memory                   
ffffffff  __TI_pprof_out_hndl           
ffffffff  __TI_prof_data_size           
ffffffff  __TI_prof_data_start          
ffffffff  __binit__                     
ffffffff  __c_args__                    
ffffffff  binit                         
UNDEFED   __mpu_init                    
UNDEFED   _system_post_cinit            

[142 symbols]
